  復元対象のプロジェクトを決定しています...
C:\workspace\workspace-win\DesktopAiMascot\DesktopAiMascot.csproj : warning NU1901: パッケージ 'Magick.NET-Q16-AnyCPU' 14.10.2 に既知の 低 重大度の脆弱性があります、https://github.com/advisories/GHSA-273h-m46v-96q4
C:\workspace\workspace-win\DesktopAiMascot\DesktopAiMascot.csproj : warning NU1901: パッケージ 'Magick.NET-Q16-AnyCPU' 14.10.2 に既知の 低 重大度の脆弱性があります、https://github.com/advisories/GHSA-2gq3-ww97-wfjm
C:\workspace\workspace-win\DesktopAiMascot\DesktopAiMascot.csproj : warning NU1901: パッケージ 'Magick.NET-Q16-AnyCPU' 14.10.2 に既知の 低 重大度の脆弱性があります、https://github.com/advisories/GHSA-3j4x-rwrx-xxj9
C:\workspace\workspace-win\DesktopAiMascot\DesktopAiMascot.csproj : warning NU1901: パッケージ 'Magick.NET-Q16-AnyCPU' 14.10.2 に既知の 低 重大度の脆弱性があります、https://github.com/advisories/GHSA-3q5f-gmjc-38r8
C:\workspace\workspace-win\DesktopAiMascot\DesktopAiMascot.csproj : warning NU1902: パッケージ 'Magick.NET-Q16-AnyCPU' 14.10.2 に既知の 中 重大度の脆弱性があります、https://github.com/advisories/GHSA-42p5-62qq-mmh7
C:\workspace\workspace-win\DesktopAiMascot\DesktopAiMascot.csproj : warning NU1902: パッケージ 'Magick.NET-Q16-AnyCPU' 14.10.2 に既知の 中 重大度の脆弱性があります、https://github.com/advisories/GHSA-543g-8grm-9cw6
C:\workspace\workspace-win\DesktopAiMascot\DesktopAiMascot.csproj : warning NU1902: パッケージ 'Magick.NET-Q16-AnyCPU' 14.10.2 に既知の 中 重大度の脆弱性があります、https://github.com/advisories/GHSA-6j5f-24fw-pqp4
C:\workspace\workspace-win\DesktopAiMascot\DesktopAiMascot.csproj : warning NU1903: パッケージ 'Magick.NET-Q16-AnyCPU' 14.10.2 に既知の 高 重大度の脆弱性があります、https://github.com/advisories/GHSA-72hf-fj62-w6j4
C:\workspace\workspace-win\DesktopAiMascot\DesktopAiMascot.csproj : warning NU1903: パッケージ 'Magick.NET-Q16-AnyCPU' 14.10.2 に既知の 高 重大度の脆弱性があります、https://github.com/advisories/GHSA-7355-pwx2-pm84
C:\workspace\workspace-win\DesktopAiMascot\DesktopAiMascot.csproj : warning NU1902: パッケージ 'Magick.NET-Q16-AnyCPU' 14.10.2 に既知の 中 重大度の脆弱性があります、https://github.com/advisories/GHSA-782x-jh29-9mf7
C:\workspace\workspace-win\DesktopAiMascot\DesktopAiMascot.csproj : warning NU1903: パッケージ 'Magick.NET-Q16-AnyCPU' 14.10.2 に既知の 高 重大度の脆弱性があります、https://github.com/advisories/GHSA-8jvj-p28h-9gm7
C:\workspace\workspace-win\DesktopAiMascot\DesktopAiMascot.csproj : warning NU1903: パッケージ 'Magick.NET-Q16-AnyCPU' 14.10.2 に既知の 高 重大度の脆弱性があります、https://github.com/advisories/GHSA-96pc-27rx-pr36
C:\workspace\workspace-win\DesktopAiMascot\DesktopAiMascot.csproj : warning NU1902: パッケージ 'Magick.NET-Q16-AnyCPU' 14.10.2 に既知の 中 重大度の脆弱性があります、https://github.com/advisories/GHSA-fwqw-2x5x-w566
C:\workspace\workspace-win\DesktopAiMascot\DesktopAiMascot.csproj : warning NU1902: パッケージ 'Magick.NET-Q16-AnyCPU' 14.10.2 に既知の 中 重大度の脆弱性があります、https://github.com/advisories/GHSA-g2pr-qxjg-7r2w
C:\workspace\workspace-win\DesktopAiMascot\DesktopAiMascot.csproj : warning NU1902: パッケージ 'Magick.NET-Q16-AnyCPU' 14.10.2 に既知の 中 重大度の脆弱性があります、https://github.com/advisories/GHSA-gm37-qx7w-p258
C:\workspace\workspace-win\DesktopAiMascot\DesktopAiMascot.csproj : warning NU1901: パッケージ 'Magick.NET-Q16-AnyCPU' 14.10.2 に既知の 低 重大度の脆弱性があります、https://github.com/advisories/GHSA-gq5v-qf8q-fp77
C:\workspace\workspace-win\DesktopAiMascot\DesktopAiMascot.csproj : warning NU1902: パッケージ 'Magick.NET-Q16-AnyCPU' 14.10.2 に既知の 中 重大度の脆弱性があります、https://github.com/advisories/GHSA-gwr3-x37h-h84v
C:\workspace\workspace-win\DesktopAiMascot\DesktopAiMascot.csproj : warning NU1902: パッケージ 'Magick.NET-Q16-AnyCPU' 14.10.2 に既知の 中 重大度の脆弱性があります、https://github.com/advisories/GHSA-gxcx-qjqp-8vjw
C:\workspace\workspace-win\DesktopAiMascot\DesktopAiMascot.csproj : warning NU1902: パッケージ 'Magick.NET-Q16-AnyCPU' 14.10.2 に既知の 中 重大度の脆弱性があります、https://github.com/advisories/GHSA-jv4p-gjwq-9r2j
C:\workspace\workspace-win\DesktopAiMascot\DesktopAiMascot.csproj : warning NU1902: パッケージ 'Magick.NET-Q16-AnyCPU' 14.10.2 に既知の 中 重大度の脆弱性があります、https://github.com/advisories/GHSA-p33r-fqw2-rqmm
C:\workspace\workspace-win\DesktopAiMascot\DesktopAiMascot.csproj : warning NU1902: パッケージ 'Magick.NET-Q16-AnyCPU' 14.10.2 に既知の 中 重大度の脆弱性があります、https://github.com/advisories/GHSA-p863-5fgm-rgq4
C:\workspace\workspace-win\DesktopAiMascot\DesktopAiMascot.csproj : warning NU1903: パッケージ 'Magick.NET-Q16-AnyCPU' 14.10.2 に既知の 高 重大度の脆弱性があります、https://github.com/advisories/GHSA-pqgj-2p96-rx85
C:\workspace\workspace-win\DesktopAiMascot\DesktopAiMascot.csproj : warning NU1902: パッケージ 'Magick.NET-Q16-AnyCPU' 14.10.2 に既知の 中 重大度の脆弱性があります、https://github.com/advisories/GHSA-qpgx-jfcq-r59f
C:\workspace\workspace-win\DesktopAiMascot\DesktopAiMascot.csproj : warning NU1902: パッケージ 'Magick.NET-Q16-AnyCPU' 14.10.2 に既知の 中 重大度の脆弱性があります、https://github.com/advisories/GHSA-r99p-5442-q2x2
C:\workspace\workspace-win\DesktopAiMascot\DesktopAiMascot.csproj : warning NU1902: パッケージ 'Magick.NET-Q16-AnyCPU' 14.10.2 に既知の 中 重大度の脆弱性があります、https://github.com/advisories/GHSA-rw6c-xp26-225v
C:\workspace\workspace-win\DesktopAiMascot\DesktopAiMascot.csproj : warning NU1903: パッケージ 'Magick.NET-Q16-AnyCPU' 14.10.2 に既知の 高 重大度の脆弱性があります、https://github.com/advisories/GHSA-v7g2-m8c5-mf84
C:\workspace\workspace-win\DesktopAiMascot\DesktopAiMascot.csproj : warning NU1902: パッケージ 'Magick.NET-Q16-AnyCPU' 14.10.2 に既知の 中 重大度の脆弱性があります、https://github.com/advisories/GHSA-v994-63cg-9wj3
C:\workspace\workspace-win\DesktopAiMascot\DesktopAiMascot.csproj : warning NU1903: パッケージ 'Magick.NET-Q16-AnyCPU' 14.10.2 に既知の 高 重大度の脆弱性があります、https://github.com/advisories/GHSA-vhqj-f5cj-9x8h
C:\workspace\workspace-win\DesktopAiMascot\DesktopAiMascot.csproj : warning NU1902: パッケージ 'Magick.NET-Q16-AnyCPU' 14.10.2 に既知の 中 重大度の脆弱性があります、https://github.com/advisories/GHSA-vpxv-r9pg-7gpr
C:\workspace\workspace-win\DesktopAiMascot\DesktopAiMascot.csproj : warning NU1902: パッケージ 'Magick.NET-Q16-AnyCPU' 14.10.2 に既知の 中 重大度の脆弱性があります、https://github.com/advisories/GHSA-w8mw-frc6-r7m8
C:\workspace\workspace-win\DesktopAiMascot\DesktopAiMascot.csproj : warning NU1901: パッケージ 'Magick.NET-Q16-AnyCPU' 14.10.2 に既知の 低 重大度の脆弱性があります、https://github.com/advisories/GHSA-wfx3-6g53-9fgc
C:\workspace\workspace-win\DesktopAiMascot\DesktopAiMascot.csproj : warning NU1902: パッケージ 'Magick.NET-Q16-AnyCPU' 14.10.2 に既知の 中 重大度の脆弱性があります、https://github.com/advisories/GHSA-wg3g-gvx5-2pmv
C:\workspace\workspace-win\DesktopAiMascot\DesktopAiMascot.csproj : warning NU1901: パッケージ 'Magick.NET-Q16-AnyCPU' 14.10.2 に既知の 低 重大度の脆弱性があります、https://github.com/advisories/GHSA-wgxp-q8xq-wpp9
C:\workspace\workspace-win\DesktopAiMascot\DesktopAiMascot.csproj : warning NU1902: パッケージ 'Magick.NET-Q16-AnyCPU' 14.10.2 に既知の 中 重大度の脆弱性があります、https://github.com/advisories/GHSA-xgm3-v4r9-wfgm
C:\workspace\workspace-win\DesktopAiMascot\DesktopAiMascot.csproj : warning NU1901: パッケージ 'Magick.NET-Q16-AnyCPU' 14.10.2 に既知の 低 重大度の脆弱性があります、https://github.com/advisories/GHSA-xpg8-7m6m-jf56
C:\workspace\workspace-win\DesktopAiMascot\DesktopAiMascot.csproj : warning NU1902: パッケージ 'Magick.NET-Q16-AnyCPU' 14.10.2 に既知の 中 重大度の脆弱性があります、https://github.com/advisories/GHSA-xwc6-v6g8-pw2h
  復元対象のすべてのプロジェクトは最新です。
C:\workspace\workspace-win\DesktopAiMascot\DesktopAiMascot.csproj : warning NU1901: パッケージ 'Magick.NET-Q16-AnyCPU' 14.10.2 に既知の 低 重大度の脆弱性があります、https://github.com/advisories/GHSA-273h-m46v-96q4
C:\workspace\workspace-win\DesktopAiMascot\DesktopAiMascot.csproj : warning NU1901: パッケージ 'Magick.NET-Q16-AnyCPU' 14.10.2 に既知の 低 重大度の脆弱性があります、https://github.com/advisories/GHSA-2gq3-ww97-wfjm
C:\workspace\workspace-win\DesktopAiMascot\DesktopAiMascot.csproj : warning NU1901: パッケージ 'Magick.NET-Q16-AnyCPU' 14.10.2 に既知の 低 重大度の脆弱性があります、https://github.com/advisories/GHSA-3j4x-rwrx-xxj9
C:\workspace\workspace-win\DesktopAiMascot\DesktopAiMascot.csproj : warning NU1901: パッケージ 'Magick.NET-Q16-AnyCPU' 14.10.2 に既知の 低 重大度の脆弱性があります、https://github.com/advisories/GHSA-3q5f-gmjc-38r8
C:\workspace\workspace-win\DesktopAiMascot\DesktopAiMascot.csproj : warning NU1902: パッケージ 'Magick.NET-Q16-AnyCPU' 14.10.2 に既知の 中 重大度の脆弱性があります、https://github.com/advisories/GHSA-42p5-62qq-mmh7
C:\workspace\workspace-win\DesktopAiMascot\DesktopAiMascot.csproj : warning NU1902: パッケージ 'Magick.NET-Q16-AnyCPU' 14.10.2 に既知の 中 重大度の脆弱性があります、https://github.com/advisories/GHSA-543g-8grm-9cw6
C:\workspace\workspace-win\DesktopAiMascot\DesktopAiMascot.csproj : warning NU1902: パッケージ 'Magick.NET-Q16-AnyCPU' 14.10.2 に既知の 中 重大度の脆弱性があります、https://github.com/advisories/GHSA-6j5f-24fw-pqp4
C:\workspace\workspace-win\DesktopAiMascot\DesktopAiMascot.csproj : warning NU1903: パッケージ 'Magick.NET-Q16-AnyCPU' 14.10.2 に既知の 高 重大度の脆弱性があります、https://github.com/advisories/GHSA-72hf-fj62-w6j4
C:\workspace\workspace-win\DesktopAiMascot\DesktopAiMascot.csproj : warning NU1903: パッケージ 'Magick.NET-Q16-AnyCPU' 14.10.2 に既知の 高 重大度の脆弱性があります、https://github.com/advisories/GHSA-7355-pwx2-pm84
C:\workspace\workspace-win\DesktopAiMascot\DesktopAiMascot.csproj : warning NU1902: パッケージ 'Magick.NET-Q16-AnyCPU' 14.10.2 に既知の 中 重大度の脆弱性があります、https://github.com/advisories/GHSA-782x-jh29-9mf7
C:\workspace\workspace-win\DesktopAiMascot\DesktopAiMascot.csproj : warning NU1903: パッケージ 'Magick.NET-Q16-AnyCPU' 14.10.2 に既知の 高 重大度の脆弱性があります、https://github.com/advisories/GHSA-8jvj-p28h-9gm7
C:\workspace\workspace-win\DesktopAiMascot\DesktopAiMascot.csproj : warning NU1903: パッケージ 'Magick.NET-Q16-AnyCPU' 14.10.2 に既知の 高 重大度の脆弱性があります、https://github.com/advisories/GHSA-96pc-27rx-pr36
C:\workspace\workspace-win\DesktopAiMascot\DesktopAiMascot.csproj : warning NU1902: パッケージ 'Magick.NET-Q16-AnyCPU' 14.10.2 に既知の 中 重大度の脆弱性があります、https://github.com/advisories/GHSA-fwqw-2x5x-w566
C:\workspace\workspace-win\DesktopAiMascot\DesktopAiMascot.csproj : warning NU1902: パッケージ 'Magick.NET-Q16-AnyCPU' 14.10.2 に既知の 中 重大度の脆弱性があります、https://github.com/advisories/GHSA-g2pr-qxjg-7r2w
C:\workspace\workspace-win\DesktopAiMascot\DesktopAiMascot.csproj : warning NU1902: パッケージ 'Magick.NET-Q16-AnyCPU' 14.10.2 に既知の 中 重大度の脆弱性があります、https://github.com/advisories/GHSA-gm37-qx7w-p258
C:\workspace\workspace-win\DesktopAiMascot\DesktopAiMascot.csproj : warning NU1901: パッケージ 'Magick.NET-Q16-AnyCPU' 14.10.2 に既知の 低 重大度の脆弱性があります、https://github.com/advisories/GHSA-gq5v-qf8q-fp77
C:\workspace\workspace-win\DesktopAiMascot\DesktopAiMascot.csproj : warning NU1902: パッケージ 'Magick.NET-Q16-AnyCPU' 14.10.2 に既知の 中 重大度の脆弱性があります、https://github.com/advisories/GHSA-gwr3-x37h-h84v
C:\workspace\workspace-win\DesktopAiMascot\DesktopAiMascot.csproj : warning NU1902: パッケージ 'Magick.NET-Q16-AnyCPU' 14.10.2 に既知の 中 重大度の脆弱性があります、https://github.com/advisories/GHSA-gxcx-qjqp-8vjw
C:\workspace\workspace-win\DesktopAiMascot\DesktopAiMascot.csproj : warning NU1902: パッケージ 'Magick.NET-Q16-AnyCPU' 14.10.2 に既知の 中 重大度の脆弱性があります、https://github.com/advisories/GHSA-jv4p-gjwq-9r2j
C:\workspace\workspace-win\DesktopAiMascot\DesktopAiMascot.csproj : warning NU1902: パッケージ 'Magick.NET-Q16-AnyCPU' 14.10.2 に既知の 中 重大度の脆弱性があります、https://github.com/advisories/GHSA-p33r-fqw2-rqmm
C:\workspace\workspace-win\DesktopAiMascot\DesktopAiMascot.csproj : warning NU1902: パッケージ 'Magick.NET-Q16-AnyCPU' 14.10.2 に既知の 中 重大度の脆弱性があります、https://github.com/advisories/GHSA-p863-5fgm-rgq4
C:\workspace\workspace-win\DesktopAiMascot\DesktopAiMascot.csproj : warning NU1903: パッケージ 'Magick.NET-Q16-AnyCPU' 14.10.2 に既知の 高 重大度の脆弱性があります、https://github.com/advisories/GHSA-pqgj-2p96-rx85
C:\workspace\workspace-win\DesktopAiMascot\DesktopAiMascot.csproj : warning NU1902: パッケージ 'Magick.NET-Q16-AnyCPU' 14.10.2 に既知の 中 重大度の脆弱性があります、https://github.com/advisories/GHSA-qpgx-jfcq-r59f
C:\workspace\workspace-win\DesktopAiMascot\DesktopAiMascot.csproj : warning NU1902: パッケージ 'Magick.NET-Q16-AnyCPU' 14.10.2 に既知の 中 重大度の脆弱性があります、https://github.com/advisories/GHSA-r99p-5442-q2x2
C:\workspace\workspace-win\DesktopAiMascot\DesktopAiMascot.csproj : warning NU1902: パッケージ 'Magick.NET-Q16-AnyCPU' 14.10.2 に既知の 中 重大度の脆弱性があります、https://github.com/advisories/GHSA-rw6c-xp26-225v
C:\workspace\workspace-win\DesktopAiMascot\DesktopAiMascot.csproj : warning NU1903: パッケージ 'Magick.NET-Q16-AnyCPU' 14.10.2 に既知の 高 重大度の脆弱性があります、https://github.com/advisories/GHSA-v7g2-m8c5-mf84
C:\workspace\workspace-win\DesktopAiMascot\DesktopAiMascot.csproj : warning NU1902: パッケージ 'Magick.NET-Q16-AnyCPU' 14.10.2 に既知の 中 重大度の脆弱性があります、https://github.com/advisories/GHSA-v994-63cg-9wj3
C:\workspace\workspace-win\DesktopAiMascot\DesktopAiMascot.csproj : warning NU1903: パッケージ 'Magick.NET-Q16-AnyCPU' 14.10.2 に既知の 高 重大度の脆弱性があります、https://github.com/advisories/GHSA-vhqj-f5cj-9x8h
C:\workspace\workspace-win\DesktopAiMascot\DesktopAiMascot.csproj : warning NU1902: パッケージ 'Magick.NET-Q16-AnyCPU' 14.10.2 に既知の 中 重大度の脆弱性があります、https://github.com/advisories/GHSA-vpxv-r9pg-7gpr
C:\workspace\workspace-win\DesktopAiMascot\DesktopAiMascot.csproj : warning NU1902: パッケージ 'Magick.NET-Q16-AnyCPU' 14.10.2 に既知の 中 重大度の脆弱性があります、https://github.com/advisories/GHSA-w8mw-frc6-r7m8
C:\workspace\workspace-win\DesktopAiMascot\DesktopAiMascot.csproj : warning NU1901: パッケージ 'Magick.NET-Q16-AnyCPU' 14.10.2 に既知の 低 重大度の脆弱性があります、https://github.com/advisories/GHSA-wfx3-6g53-9fgc
C:\workspace\workspace-win\DesktopAiMascot\DesktopAiMascot.csproj : warning NU1902: パッケージ 'Magick.NET-Q16-AnyCPU' 14.10.2 に既知の 中 重大度の脆弱性があります、https://github.com/advisories/GHSA-wg3g-gvx5-2pmv
C:\workspace\workspace-win\DesktopAiMascot\DesktopAiMascot.csproj : warning NU1901: パッケージ 'Magick.NET-Q16-AnyCPU' 14.10.2 に既知の 低 重大度の脆弱性があります、https://github.com/advisories/GHSA-wgxp-q8xq-wpp9
C:\workspace\workspace-win\DesktopAiMascot\DesktopAiMascot.csproj : warning NU1902: パッケージ 'Magick.NET-Q16-AnyCPU' 14.10.2 に既知の 中 重大度の脆弱性があります、https://github.com/advisories/GHSA-xgm3-v4r9-wfgm
C:\workspace\workspace-win\DesktopAiMascot\DesktopAiMascot.csproj : warning NU1901: パッケージ 'Magick.NET-Q16-AnyCPU' 14.10.2 に既知の 低 重大度の脆弱性があります、https://github.com/advisories/GHSA-xpg8-7m6m-jf56
C:\workspace\workspace-win\DesktopAiMascot\DesktopAiMascot.csproj : warning NU1902: パッケージ 'Magick.NET-Q16-AnyCPU' 14.10.2 に既知の 中 重大度の脆弱性があります、https://github.com/advisories/GHSA-xwc6-v6g8-pw2h
C:\Program Files\dotnet\sdk\10.0.103\Microsoft.Common.CurrentVersion.targets(2437,5): warning MSB3245: この参照を解決できませんでした。アセンブリ "WindowsFormsIntegration" が見つかりませんでした。アセンブリが間違いなくディスクに存在することを確認してください。 コードにこの参照が必要な場合、コンパイル エラーが発生する可能性があります。 [C:\workspace\workspace-win\DesktopAiMascot\DesktopAiMascot.csproj]
C:\workspace\workspace-win\DesktopAiMascot\aiservice\ChatHistoryManager.cs(5,23): error CS0234: 型または名前空間の名前 'Controls' が名前空間 'DesktopAiMascot' に存在しません (アセンブリ参照があることを確認してください) [C:\workspace\workspace-win\DesktopAiMascot\DesktopAiMascot.csproj]
C:\workspace\workspace-win\DesktopAiMascot\aiservice\chat\FoundryLocalChatService.cs(10,7): warning CS0105: 'System.Diagnostics' の using ディレクティブは、この名前空間で既に使用されています [C:\workspace\workspace-win\DesktopAiMascot\DesktopAiMascot.csproj]
C:\workspace\workspace-win\DesktopAiMascot\aiservice\chat\GoogleAiStudioChatService.cs(8,23): error CS0234: 型または名前空間の名前 'Controls' が名前空間 'DesktopAiMascot' に存在しません (アセンブリ参照があることを確認してください) [C:\workspace\workspace-win\DesktopAiMascot\DesktopAiMascot.csproj]
C:\workspace\workspace-win\DesktopAiMascot\aiservice\chat\GoogleCloudChatService.cs(8,23): error CS0234: 型または名前空間の名前 'Controls' が名前空間 'DesktopAiMascot' に存在しません (アセンブリ参照があることを確認してください) [C:\workspace\workspace-win\DesktopAiMascot\DesktopAiMascot.csproj]
C:\workspace\workspace-win\DesktopAiMascot\aiservice\chat\LmStudioChatService.cs(10,23): error CS0234: 型または名前空間の名前 'Controls' が名前空間 'DesktopAiMascot' に存在しません (アセンブリ参照があることを確認してください) [C:\workspace\workspace-win\DesktopAiMascot\DesktopAiMascot.csproj]
C:\workspace\workspace-win\DesktopAiMascot\mascots\MascotAnimationManager.cs(2,22): error CS0234: 型または名前空間の名前 'Threading' が名前空間 'System.Windows' に存在しません (アセンブリ参照があることを確認してください) [C:\workspace\workspace-win\DesktopAiMascot\DesktopAiMascot.csproj]
C:\workspace\workspace-win\DesktopAiMascot\utils\ImageLoadHelper.cs(7,22): error CS0234: 型または名前空間の名前 'Media' が名前空間 'System.Windows' に存在しません (アセンブリ参照があることを確認してください) [C:\workspace\workspace-win\DesktopAiMascot\DesktopAiMascot.csproj]
C:\workspace\workspace-win\DesktopAiMascot\aiservice\ChatHistoryManager.cs(35,37): error CS0246: 型または名前空間の名前 'ChatMessage' が見つかりませんでした (using ディレクティブまたはアセンブリ参照が指定されていることを確認してください) [C:\workspace\workspace-win\DesktopAiMascot\DesktopAiMascot.csproj]
C:\workspace\workspace-win\DesktopAiMascot\mascots\MascotAnimationManager.cs(26,44): error CS0246: 型または名前空間の名前 'DispatcherTimer' が見つかりませんでした (using ディレクティブまたはアセンブリ参照が指定されていることを確認してください) [C:\workspace\workspace-win\DesktopAiMascot\DesktopAiMascot.csproj]
C:\workspace\workspace-win\DesktopAiMascot\aiservice\ChatHistoryManager.cs(38,39): error CS0246: 型または名前空間の名前 'ChatMessage' が見つかりませんでした (using ディレクティブまたはアセンブリ参照が指定されていることを確認してください) [C:\workspace\workspace-win\DesktopAiMascot\DesktopAiMascot.csproj]
C:\workspace\workspace-win\DesktopAiMascot\aiservice\ChatHistoryManager.cs(58,58): error CS0246: 型または名前空間の名前 'ChatMessage' が見つかりませんでした (using ディレクティブまたはアセンブリ参照が指定されていることを確認してください) [C:\workspace\workspace-win\DesktopAiMascot\DesktopAiMascot.csproj]
C:\workspace\workspace-win\DesktopAiMascot\aiservice\ChatHistoryManager.cs(87,29): error CS0246: 型または名前空間の名前 'ChatMessage' が見つかりませんでした (using ディレクティブまたはアセンブリ参照が指定されていることを確認してください) [C:\workspace\workspace-win\DesktopAiMascot\DesktopAiMascot.csproj]
C:\workspace\workspace-win\DesktopAiMascot\aiservice\ChatHistoryManager.cs(12,38): error CS0246: 型または名前空間の名前 'ChatMessage' が見つかりませんでした (using ディレクティブまたはアセンブリ参照が指定されていることを確認してください) [C:\workspace\workspace-win\DesktopAiMascot\DesktopAiMascot.csproj]
C:\workspace\workspace-win\DesktopAiMascot\aiservice\ChatHistoryManager.cs(17,20): error CS0246: 型または名前空間の名前 'ChatMessage' が見つかりませんでした (using ディレクティブまたはアセンブリ参照が指定されていることを確認してください) [C:\workspace\workspace-win\DesktopAiMascot\DesktopAiMascot.csproj]
C:\workspace\workspace-win\DesktopAiMascot\aiservice\ChatHistoryManager.cs(18,41): error CS0246: 型または名前空間の名前 'ChatMessage' が見つかりませんでした (using ディレクティブまたはアセンブリ参照が指定されていることを確認してください) [C:\workspace\workspace-win\DesktopAiMascot\DesktopAiMascot.csproj]
C:\workspace\workspace-win\DesktopAiMascot\aiservice\ChatHistoryManager.cs(24,34): error CS0246: 型または名前空間の名前 'ChatMessage' が見つかりませんでした (using ディレクティブまたはアセンブリ参照が指定されていることを確認してください) [C:\workspace\workspace-win\DesktopAiMascot\DesktopAiMascot.csproj]
C:\workspace\workspace-win\DesktopAiMascot\aiservice\ChatHistoryManager.cs(25,56): error CS0246: 型または名前空間の名前 'ChatMessage' が見つかりませんでした (using ディレクティブまたはアセンブリ参照が指定されていることを確認してください) [C:\workspace\workspace-win\DesktopAiMascot\DesktopAiMascot.csproj]
C:\workspace\workspace-win\DesktopAiMascot\mascots\MascotAnimationManager.cs(16,17): error CS0246: 型または名前空間の名前 'DispatcherTimer' が見つかりませんでした (using ディレクティブまたはアセンブリ参照が指定されていることを確認してください) [C:\workspace\workspace-win\DesktopAiMascot\DesktopAiMascot.csproj]
C:\workspace\workspace-win\DesktopAiMascot\mascots\MascotImageItem.cs(27,31): error CS0234: 型または名前空間の名前 'Media' が名前空間 'System.Windows' に存在しません (アセンブリ参照があることを確認してください) [C:\workspace\workspace-win\DesktopAiMascot\DesktopAiMascot.csproj]
C:\workspace\workspace-win\DesktopAiMascot\mascots\MascotImageItem.cs(20,32): error CS0234: 型または名前空間の名前 'Media' が名前空間 'System.Windows' に存在しません (アセンブリ参照があることを確認してください) [C:\workspace\workspace-win\DesktopAiMascot\DesktopAiMascot.csproj]
C:\workspace\workspace-win\DesktopAiMascot\utils\ImageLoadHelper.cs(31,23): error CS0246: 型または名前空間の名前 'BitmapSource' が見つかりませんでした (using ディレクティブまたはアセンブリ参照が指定されていることを確認してください) [C:\workspace\workspace-win\DesktopAiMascot\DesktopAiMascot.csproj]
C:\workspace\workspace-win\DesktopAiMascot\utils\ImageLoadHelper.cs(65,23): error CS0246: 型または名前空間の名前 'BitmapSource' が見つかりませんでした (using ディレクティブまたはアセンブリ参照が指定されていることを確認してください) [C:\workspace\workspace-win\DesktopAiMascot\DesktopAiMascot.csproj]
C:\workspace\workspace-win\DesktopAiMascot\utils\ImageLoadHelper.cs(80,24): error CS0246: 型または名前空間の名前 'BitmapSource' が見つかりませんでした (using ディレクティブまたはアセンブリ参照が指定されていることを確認してください) [C:\workspace\workspace-win\DesktopAiMascot\DesktopAiMascot.csproj]
C:\workspace\workspace-win\DesktopAiMascot\utils\ImageLoadHelper.cs(146,24): error CS0246: 型または名前空間の名前 'BitmapSource' が見つかりませんでした (using ディレクティブまたはアセンブリ参照が指定されていることを確認してください) [C:\workspace\workspace-win\DesktopAiMascot\DesktopAiMascot.csproj]
C:\workspace\workspace-win\DesktopAiMascot\utils\ImageLoadHelper.cs(360,23): error CS0246: 型または名前空間の名前 'BitmapSource' が見つかりませんでした (using ディレクティブまたはアセンブリ参照が指定されていることを確認してください) [C:\workspace\workspace-win\DesktopAiMascot\DesktopAiMascot.csproj]
C:\workspace\workspace-win\DesktopAiMascot\aiservice\voice\VoiceVoxService.cs(373,45): warning CS8609: 戻り値の型における参照型の Null 許容性が、オーバーライドされるメンバーと一致しません。 [C:\workspace\workspace-win\DesktopAiMascot\DesktopAiMascot.csproj]

ビルドに失敗しました。

C:\workspace\workspace-win\DesktopAiMascot\DesktopAiMascot.csproj : warning NU1901: パッケージ 'Magick.NET-Q16-AnyCPU' 14.10.2 に既知の 低 重大度の脆弱性があります、https://github.com/advisories/GHSA-273h-m46v-96q4
C:\workspace\workspace-win\DesktopAiMascot\DesktopAiMascot.csproj : warning NU1901: パッケージ 'Magick.NET-Q16-AnyCPU' 14.10.2 に既知の 低 重大度の脆弱性があります、https://github.com/advisories/GHSA-2gq3-ww97-wfjm
C:\workspace\workspace-win\DesktopAiMascot\DesktopAiMascot.csproj : warning NU1901: パッケージ 'Magick.NET-Q16-AnyCPU' 14.10.2 に既知の 低 重大度の脆弱性があります、https://github.com/advisories/GHSA-3j4x-rwrx-xxj9
C:\workspace\workspace-win\DesktopAiMascot\DesktopAiMascot.csproj : warning NU1901: パッケージ 'Magick.NET-Q16-AnyCPU' 14.10.2 に既知の 低 重大度の脆弱性があります、https://github.com/advisories/GHSA-3q5f-gmjc-38r8
C:\workspace\workspace-win\DesktopAiMascot\DesktopAiMascot.csproj : warning NU1902: パッケージ 'Magick.NET-Q16-AnyCPU' 14.10.2 に既知の 中 重大度の脆弱性があります、https://github.com/advisories/GHSA-42p5-62qq-mmh7
C:\workspace\workspace-win\DesktopAiMascot\DesktopAiMascot.csproj : warning NU1902: パッケージ 'Magick.NET-Q16-AnyCPU' 14.10.2 に既知の 中 重大度の脆弱性があります、https://github.com/advisories/GHSA-543g-8grm-9cw6
C:\workspace\workspace-win\DesktopAiMascot\DesktopAiMascot.csproj : warning NU1902: パッケージ 'Magick.NET-Q16-AnyCPU' 14.10.2 に既知の 中 重大度の脆弱性があります、https://github.com/advisories/GHSA-6j5f-24fw-pqp4
C:\workspace\workspace-win\DesktopAiMascot\DesktopAiMascot.csproj : warning NU1903: パッケージ 'Magick.NET-Q16-AnyCPU' 14.10.2 に既知の 高 重大度の脆弱性があります、https://github.com/advisories/GHSA-72hf-fj62-w6j4
C:\workspace\workspace-win\DesktopAiMascot\DesktopAiMascot.csproj : warning NU1903: パッケージ 'Magick.NET-Q16-AnyCPU' 14.10.2 に既知の 高 重大度の脆弱性があります、https://github.com/advisories/GHSA-7355-pwx2-pm84
C:\workspace\workspace-win\DesktopAiMascot\DesktopAiMascot.csproj : warning NU1902: パッケージ 'Magick.NET-Q16-AnyCPU' 14.10.2 に既知の 中 重大度の脆弱性があります、https://github.com/advisories/GHSA-782x-jh29-9mf7
C:\workspace\workspace-win\DesktopAiMascot\DesktopAiMascot.csproj : warning NU1903: パッケージ 'Magick.NET-Q16-AnyCPU' 14.10.2 に既知の 高 重大度の脆弱性があります、https://github.com/advisories/GHSA-8jvj-p28h-9gm7
C:\workspace\workspace-win\DesktopAiMascot\DesktopAiMascot.csproj : warning NU1903: パッケージ 'Magick.NET-Q16-AnyCPU' 14.10.2 に既知の 高 重大度の脆弱性があります、https://github.com/advisories/GHSA-96pc-27rx-pr36
C:\workspace\workspace-win\DesktopAiMascot\DesktopAiMascot.csproj : warning NU1902: パッケージ 'Magick.NET-Q16-AnyCPU' 14.10.2 に既知の 中 重大度の脆弱性があります、https://github.com/advisories/GHSA-fwqw-2x5x-w566
C:\workspace\workspace-win\DesktopAiMascot\DesktopAiMascot.csproj : warning NU1902: パッケージ 'Magick.NET-Q16-AnyCPU' 14.10.2 に既知の 中 重大度の脆弱性があります、https://github.com/advisories/GHSA-g2pr-qxjg-7r2w
C:\workspace\workspace-win\DesktopAiMascot\DesktopAiMascot.csproj : warning NU1902: パッケージ 'Magick.NET-Q16-AnyCPU' 14.10.2 に既知の 中 重大度の脆弱性があります、https://github.com/advisories/GHSA-gm37-qx7w-p258
C:\workspace\workspace-win\DesktopAiMascot\DesktopAiMascot.csproj : warning NU1901: パッケージ 'Magick.NET-Q16-AnyCPU' 14.10.2 に既知の 低 重大度の脆弱性があります、https://github.com/advisories/GHSA-gq5v-qf8q-fp77
C:\workspace\workspace-win\DesktopAiMascot\DesktopAiMascot.csproj : warning NU1902: パッケージ 'Magick.NET-Q16-AnyCPU' 14.10.2 に既知の 中 重大度の脆弱性があります、https://github.com/advisories/GHSA-gwr3-x37h-h84v
C:\workspace\workspace-win\DesktopAiMascot\DesktopAiMascot.csproj : warning NU1902: パッケージ 'Magick.NET-Q16-AnyCPU' 14.10.2 に既知の 中 重大度の脆弱性があります、https://github.com/advisories/GHSA-gxcx-qjqp-8vjw
C:\workspace\workspace-win\DesktopAiMascot\DesktopAiMascot.csproj : warning NU1902: パッケージ 'Magick.NET-Q16-AnyCPU' 14.10.2 に既知の 中 重大度の脆弱性があります、https://github.com/advisories/GHSA-jv4p-gjwq-9r2j
C:\workspace\workspace-win\DesktopAiMascot\DesktopAiMascot.csproj : warning NU1902: パッケージ 'Magick.NET-Q16-AnyCPU' 14.10.2 に既知の 中 重大度の脆弱性があります、https://github.com/advisories/GHSA-p33r-fqw2-rqmm
C:\workspace\workspace-win\DesktopAiMascot\DesktopAiMascot.csproj : warning NU1902: パッケージ 'Magick.NET-Q16-AnyCPU' 14.10.2 に既知の 中 重大度の脆弱性があります、https://github.com/advisories/GHSA-p863-5fgm-rgq4
C:\workspace\workspace-win\DesktopAiMascot\DesktopAiMascot.csproj : warning NU1903: パッケージ 'Magick.NET-Q16-AnyCPU' 14.10.2 に既知の 高 重大度の脆弱性があります、https://github.com/advisories/GHSA-pqgj-2p96-rx85
C:\workspace\workspace-win\DesktopAiMascot\DesktopAiMascot.csproj : warning NU1902: パッケージ 'Magick.NET-Q16-AnyCPU' 14.10.2 に既知の 中 重大度の脆弱性があります、https://github.com/advisories/GHSA-qpgx-jfcq-r59f
C:\workspace\workspace-win\DesktopAiMascot\DesktopAiMascot.csproj : warning NU1902: パッケージ 'Magick.NET-Q16-AnyCPU' 14.10.2 に既知の 中 重大度の脆弱性があります、https://github.com/advisories/GHSA-r99p-5442-q2x2
C:\workspace\workspace-win\DesktopAiMascot\DesktopAiMascot.csproj : warning NU1902: パッケージ 'Magick.NET-Q16-AnyCPU' 14.10.2 に既知の 中 重大度の脆弱性があります、https://github.com/advisories/GHSA-rw6c-xp26-225v
C:\workspace\workspace-win\DesktopAiMascot\DesktopAiMascot.csproj : warning NU1903: パッケージ 'Magick.NET-Q16-AnyCPU' 14.10.2 に既知の 高 重大度の脆弱性があります、https://github.com/advisories/GHSA-v7g2-m8c5-mf84
C:\workspace\workspace-win\DesktopAiMascot\DesktopAiMascot.csproj : warning NU1902: パッケージ 'Magick.NET-Q16-AnyCPU' 14.10.2 に既知の 中 重大度の脆弱性があります、https://github.com/advisories/GHSA-v994-63cg-9wj3
C:\workspace\workspace-win\DesktopAiMascot\DesktopAiMascot.csproj : warning NU1903: パッケージ 'Magick.NET-Q16-AnyCPU' 14.10.2 に既知の 高 重大度の脆弱性があります、https://github.com/advisories/GHSA-vhqj-f5cj-9x8h
C:\workspace\workspace-win\DesktopAiMascot\DesktopAiMascot.csproj : warning NU1902: パッケージ 'Magick.NET-Q16-AnyCPU' 14.10.2 に既知の 中 重大度の脆弱性があります、https://github.com/advisories/GHSA-vpxv-r9pg-7gpr
C:\workspace\workspace-win\DesktopAiMascot\DesktopAiMascot.csproj : warning NU1902: パッケージ 'Magick.NET-Q16-AnyCPU' 14.10.2 に既知の 中 重大度の脆弱性があります、https://github.com/advisories/GHSA-w8mw-frc6-r7m8
C:\workspace\workspace-win\DesktopAiMascot\DesktopAiMascot.csproj : warning NU1901: パッケージ 'Magick.NET-Q16-AnyCPU' 14.10.2 に既知の 低 重大度の脆弱性があります、https://github.com/advisories/GHSA-wfx3-6g53-9fgc
C:\workspace\workspace-win\DesktopAiMascot\DesktopAiMascot.csproj : warning NU1902: パッケージ 'Magick.NET-Q16-AnyCPU' 14.10.2 に既知の 中 重大度の脆弱性があります、https://github.com/advisories/GHSA-wg3g-gvx5-2pmv
C:\workspace\workspace-win\DesktopAiMascot\DesktopAiMascot.csproj : warning NU1901: パッケージ 'Magick.NET-Q16-AnyCPU' 14.10.2 に既知の 低 重大度の脆弱性があります、https://github.com/advisories/GHSA-wgxp-q8xq-wpp9
C:\workspace\workspace-win\DesktopAiMascot\DesktopAiMascot.csproj : warning NU1902: パッケージ 'Magick.NET-Q16-AnyCPU' 14.10.2 に既知の 中 重大度の脆弱性があります、https://github.com/advisories/GHSA-xgm3-v4r9-wfgm
C:\workspace\workspace-win\DesktopAiMascot\DesktopAiMascot.csproj : warning NU1901: パッケージ 'Magick.NET-Q16-AnyCPU' 14.10.2 に既知の 低 重大度の脆弱性があります、https://github.com/advisories/GHSA-xpg8-7m6m-jf56
C:\workspace\workspace-win\DesktopAiMascot\DesktopAiMascot.csproj : warning NU1902: パッケージ 'Magick.NET-Q16-AnyCPU' 14.10.2 に既知の 中 重大度の脆弱性があります、https://github.com/advisories/GHSA-xwc6-v6g8-pw2h
C:\workspace\workspace-win\DesktopAiMascot\DesktopAiMascot.csproj : warning NU1901: パッケージ 'Magick.NET-Q16-AnyCPU' 14.10.2 に既知の 低 重大度の脆弱性があります、https://github.com/advisories/GHSA-273h-m46v-96q4
C:\workspace\workspace-win\DesktopAiMascot\DesktopAiMascot.csproj : warning NU1901: パッケージ 'Magick.NET-Q16-AnyCPU' 14.10.2 に既知の 低 重大度の脆弱性があります、https://github.com/advisories/GHSA-2gq3-ww97-wfjm
C:\workspace\workspace-win\DesktopAiMascot\DesktopAiMascot.csproj : warning NU1901: パッケージ 'Magick.NET-Q16-AnyCPU' 14.10.2 に既知の 低 重大度の脆弱性があります、https://github.com/advisories/GHSA-3j4x-rwrx-xxj9
C:\workspace\workspace-win\DesktopAiMascot\DesktopAiMascot.csproj : warning NU1901: パッケージ 'Magick.NET-Q16-AnyCPU' 14.10.2 に既知の 低 重大度の脆弱性があります、https://github.com/advisories/GHSA-3q5f-gmjc-38r8
C:\workspace\workspace-win\DesktopAiMascot\DesktopAiMascot.csproj : warning NU1902: パッケージ 'Magick.NET-Q16-AnyCPU' 14.10.2 に既知の 中 重大度の脆弱性があります、https://github.com/advisories/GHSA-42p5-62qq-mmh7
C:\workspace\workspace-win\DesktopAiMascot\DesktopAiMascot.csproj : warning NU1902: パッケージ 'Magick.NET-Q16-AnyCPU' 14.10.2 に既知の 中 重大度の脆弱性があります、https://github.com/advisories/GHSA-543g-8grm-9cw6
C:\workspace\workspace-win\DesktopAiMascot\DesktopAiMascot.csproj : warning NU1902: パッケージ 'Magick.NET-Q16-AnyCPU' 14.10.2 に既知の 中 重大度の脆弱性があります、https://github.com/advisories/GHSA-6j5f-24fw-pqp4
C:\workspace\workspace-win\DesktopAiMascot\DesktopAiMascot.csproj : warning NU1903: パッケージ 'Magick.NET-Q16-AnyCPU' 14.10.2 に既知の 高 重大度の脆弱性があります、https://github.com/advisories/GHSA-72hf-fj62-w6j4
C:\workspace\workspace-win\DesktopAiMascot\DesktopAiMascot.csproj : warning NU1903: パッケージ 'Magick.NET-Q16-AnyCPU' 14.10.2 に既知の 高 重大度の脆弱性があります、https://github.com/advisories/GHSA-7355-pwx2-pm84
C:\workspace\workspace-win\DesktopAiMascot\DesktopAiMascot.csproj : warning NU1902: パッケージ 'Magick.NET-Q16-AnyCPU' 14.10.2 に既知の 中 重大度の脆弱性があります、https://github.com/advisories/GHSA-782x-jh29-9mf7
C:\workspace\workspace-win\DesktopAiMascot\DesktopAiMascot.csproj : warning NU1903: パッケージ 'Magick.NET-Q16-AnyCPU' 14.10.2 に既知の 高 重大度の脆弱性があります、https://github.com/advisories/GHSA-8jvj-p28h-9gm7
C:\workspace\workspace-win\DesktopAiMascot\DesktopAiMascot.csproj : warning NU1903: パッケージ 'Magick.NET-Q16-AnyCPU' 14.10.2 に既知の 高 重大度の脆弱性があります、https://github.com/advisories/GHSA-96pc-27rx-pr36
C:\workspace\workspace-win\DesktopAiMascot\DesktopAiMascot.csproj : warning NU1902: パッケージ 'Magick.NET-Q16-AnyCPU' 14.10.2 に既知の 中 重大度の脆弱性があります、https://github.com/advisories/GHSA-fwqw-2x5x-w566
C:\workspace\workspace-win\DesktopAiMascot\DesktopAiMascot.csproj : warning NU1902: パッケージ 'Magick.NET-Q16-AnyCPU' 14.10.2 に既知の 中 重大度の脆弱性があります、https://github.com/advisories/GHSA-g2pr-qxjg-7r2w
C:\workspace\workspace-win\DesktopAiMascot\DesktopAiMascot.csproj : warning NU1902: パッケージ 'Magick.NET-Q16-AnyCPU' 14.10.2 に既知の 中 重大度の脆弱性があります、https://github.com/advisories/GHSA-gm37-qx7w-p258
C:\workspace\workspace-win\DesktopAiMascot\DesktopAiMascot.csproj : warning NU1901: パッケージ 'Magick.NET-Q16-AnyCPU' 14.10.2 に既知の 低 重大度の脆弱性があります、https://github.com/advisories/GHSA-gq5v-qf8q-fp77
C:\workspace\workspace-win\DesktopAiMascot\DesktopAiMascot.csproj : warning NU1902: パッケージ 'Magick.NET-Q16-AnyCPU' 14.10.2 に既知の 中 重大度の脆弱性があります、https://github.com/advisories/GHSA-gwr3-x37h-h84v
C:\workspace\workspace-win\DesktopAiMascot\DesktopAiMascot.csproj : warning NU1902: パッケージ 'Magick.NET-Q16-AnyCPU' 14.10.2 に既知の 中 重大度の脆弱性があります、https://github.com/advisories/GHSA-gxcx-qjqp-8vjw
C:\workspace\workspace-win\DesktopAiMascot\DesktopAiMascot.csproj : warning NU1902: パッケージ 'Magick.NET-Q16-AnyCPU' 14.10.2 に既知の 中 重大度の脆弱性があります、https://github.com/advisories/GHSA-jv4p-gjwq-9r2j
C:\workspace\workspace-win\DesktopAiMascot\DesktopAiMascot.csproj : warning NU1902: パッケージ 'Magick.NET-Q16-AnyCPU' 14.10.2 に既知の 中 重大度の脆弱性があります、https://github.com/advisories/GHSA-p33r-fqw2-rqmm
C:\workspace\workspace-win\DesktopAiMascot\DesktopAiMascot.csproj : warning NU1902: パッケージ 'Magick.NET-Q16-AnyCPU' 14.10.2 に既知の 中 重大度の脆弱性があります、https://github.com/advisories/GHSA-p863-5fgm-rgq4
C:\workspace\workspace-win\DesktopAiMascot\DesktopAiMascot.csproj : warning NU1903: パッケージ 'Magick.NET-Q16-AnyCPU' 14.10.2 に既知の 高 重大度の脆弱性があります、https://github.com/advisories/GHSA-pqgj-2p96-rx85
C:\workspace\workspace-win\DesktopAiMascot\DesktopAiMascot.csproj : warning NU1902: パッケージ 'Magick.NET-Q16-AnyCPU' 14.10.2 に既知の 中 重大度の脆弱性があります、https://github.com/advisories/GHSA-qpgx-jfcq-r59f
C:\workspace\workspace-win\DesktopAiMascot\DesktopAiMascot.csproj : warning NU1902: パッケージ 'Magick.NET-Q16-AnyCPU' 14.10.2 に既知の 中 重大度の脆弱性があります、https://github.com/advisories/GHSA-r99p-5442-q2x2
C:\workspace\workspace-win\DesktopAiMascot\DesktopAiMascot.csproj : warning NU1902: パッケージ 'Magick.NET-Q16-AnyCPU' 14.10.2 に既知の 中 重大度の脆弱性があります、https://github.com/advisories/GHSA-rw6c-xp26-225v
C:\workspace\workspace-win\DesktopAiMascot\DesktopAiMascot.csproj : warning NU1903: パッケージ 'Magick.NET-Q16-AnyCPU' 14.10.2 に既知の 高 重大度の脆弱性があります、https://github.com/advisories/GHSA-v7g2-m8c5-mf84
C:\workspace\workspace-win\DesktopAiMascot\DesktopAiMascot.csproj : warning NU1902: パッケージ 'Magick.NET-Q16-AnyCPU' 14.10.2 に既知の 中 重大度の脆弱性があります、https://github.com/advisories/GHSA-v994-63cg-9wj3
C:\workspace\workspace-win\DesktopAiMascot\DesktopAiMascot.csproj : warning NU1903: パッケージ 'Magick.NET-Q16-AnyCPU' 14.10.2 に既知の 高 重大度の脆弱性があります、https://github.com/advisories/GHSA-vhqj-f5cj-9x8h
C:\workspace\workspace-win\DesktopAiMascot\DesktopAiMascot.csproj : warning NU1902: パッケージ 'Magick.NET-Q16-AnyCPU' 14.10.2 に既知の 中 重大度の脆弱性があります、https://github.com/advisories/GHSA-vpxv-r9pg-7gpr
C:\workspace\workspace-win\DesktopAiMascot\DesktopAiMascot.csproj : warning NU1902: パッケージ 'Magick.NET-Q16-AnyCPU' 14.10.2 に既知の 中 重大度の脆弱性があります、https://github.com/advisories/GHSA-w8mw-frc6-r7m8
C:\workspace\workspace-win\DesktopAiMascot\DesktopAiMascot.csproj : warning NU1901: パッケージ 'Magick.NET-Q16-AnyCPU' 14.10.2 に既知の 低 重大度の脆弱性があります、https://github.com/advisories/GHSA-wfx3-6g53-9fgc
C:\workspace\workspace-win\DesktopAiMascot\DesktopAiMascot.csproj : warning NU1902: パッケージ 'Magick.NET-Q16-AnyCPU' 14.10.2 に既知の 中 重大度の脆弱性があります、https://github.com/advisories/GHSA-wg3g-gvx5-2pmv
C:\workspace\workspace-win\DesktopAiMascot\DesktopAiMascot.csproj : warning NU1901: パッケージ 'Magick.NET-Q16-AnyCPU' 14.10.2 に既知の 低 重大度の脆弱性があります、https://github.com/advisories/GHSA-wgxp-q8xq-wpp9
C:\workspace\workspace-win\DesktopAiMascot\DesktopAiMascot.csproj : warning NU1902: パッケージ 'Magick.NET-Q16-AnyCPU' 14.10.2 に既知の 中 重大度の脆弱性があります、https://github.com/advisories/GHSA-xgm3-v4r9-wfgm
C:\workspace\workspace-win\DesktopAiMascot\DesktopAiMascot.csproj : warning NU1901: パッケージ 'Magick.NET-Q16-AnyCPU' 14.10.2 に既知の 低 重大度の脆弱性があります、https://github.com/advisories/GHSA-xpg8-7m6m-jf56
C:\workspace\workspace-win\DesktopAiMascot\DesktopAiMascot.csproj : warning NU1902: パッケージ 'Magick.NET-Q16-AnyCPU' 14.10.2 に既知の 中 重大度の脆弱性があります、https://github.com/advisories/GHSA-xwc6-v6g8-pw2h
C:\Program Files\dotnet\sdk\10.0.103\Microsoft.Common.CurrentVersion.targets(2437,5): warning MSB3245: この参照を解決できませんでした。アセンブリ "WindowsFormsIntegration" が見つかりませんでした。アセンブリが間違いなくディスクに存在することを確認してください。 コードにこの参照が必要な場合、コンパイル エラーが発生する可能性があります。 [C:\workspace\workspace-win\DesktopAiMascot\DesktopAiMascot.csproj]
C:\workspace\workspace-win\DesktopAiMascot\aiservice\chat\FoundryLocalChatService.cs(10,7): warning CS0105: 'System.Diagnostics' の using ディレクティブは、この名前空間で既に使用されています [C:\workspace\workspace-win\DesktopAiMascot\DesktopAiMascot.csproj]
C:\workspace\workspace-win\DesktopAiMascot\aiservice\voice\VoiceVoxService.cs(373,45): warning CS8609: 戻り値の型における参照型の Null 許容性が、オーバーライドされるメンバーと一致しません。 [C:\workspace\workspace-win\DesktopAiMascot\DesktopAiMascot.csproj]
C:\workspace\workspace-win\DesktopAiMascot\aiservice\ChatHistoryManager.cs(5,23): error CS0234: 型または名前空間の名前 'Controls' が名前空間 'DesktopAiMascot' に存在しません (アセンブリ参照があることを確認してください) [C:\workspace\workspace-win\DesktopAiMascot\DesktopAiMascot.csproj]
C:\workspace\workspace-win\DesktopAiMascot\aiservice\chat\GoogleAiStudioChatService.cs(8,23): error CS0234: 型または名前空間の名前 'Controls' が名前空間 'DesktopAiMascot' に存在しません (アセンブリ参照があることを確認してください) [C:\workspace\workspace-win\DesktopAiMascot\DesktopAiMascot.csproj]
C:\workspace\workspace-win\DesktopAiMascot\aiservice\chat\GoogleCloudChatService.cs(8,23): error CS0234: 型または名前空間の名前 'Controls' が名前空間 'DesktopAiMascot' に存在しません (アセンブリ参照があることを確認してください) [C:\workspace\workspace-win\DesktopAiMascot\DesktopAiMascot.csproj]
C:\workspace\workspace-win\DesktopAiMascot\aiservice\chat\LmStudioChatService.cs(10,23): error CS0234: 型または名前空間の名前 'Controls' が名前空間 'DesktopAiMascot' に存在しません (アセンブリ参照があることを確認してください) [C:\workspace\workspace-win\DesktopAiMascot\DesktopAiMascot.csproj]
C:\workspace\workspace-win\DesktopAiMascot\mascots\MascotAnimationManager.cs(2,22): error CS0234: 型または名前空間の名前 'Threading' が名前空間 'System.Windows' に存在しません (アセンブリ参照があることを確認してください) [C:\workspace\workspace-win\DesktopAiMascot\DesktopAiMascot.csproj]
C:\workspace\workspace-win\DesktopAiMascot\utils\ImageLoadHelper.cs(7,22): error CS0234: 型または名前空間の名前 'Media' が名前空間 'System.Windows' に存在しません (アセンブリ参照があることを確認してください) [C:\workspace\workspace-win\DesktopAiMascot\DesktopAiMascot.csproj]
C:\workspace\workspace-win\DesktopAiMascot\aiservice\ChatHistoryManager.cs(35,37): error CS0246: 型または名前空間の名前 'ChatMessage' が見つかりませんでした (using ディレクティブまたはアセンブリ参照が指定されていることを確認してください) [C:\workspace\workspace-win\DesktopAiMascot\DesktopAiMascot.csproj]
C:\workspace\workspace-win\DesktopAiMascot\mascots\MascotAnimationManager.cs(26,44): error CS0246: 型または名前空間の名前 'DispatcherTimer' が見つかりませんでした (using ディレクティブまたはアセンブリ参照が指定されていることを確認してください) [C:\workspace\workspace-win\DesktopAiMascot\DesktopAiMascot.csproj]
C:\workspace\workspace-win\DesktopAiMascot\aiservice\ChatHistoryManager.cs(38,39): error CS0246: 型または名前空間の名前 'ChatMessage' が見つかりませんでした (using ディレクティブまたはアセンブリ参照が指定されていることを確認してください) [C:\workspace\workspace-win\DesktopAiMascot\DesktopAiMascot.csproj]
C:\workspace\workspace-win\DesktopAiMascot\aiservice\ChatHistoryManager.cs(58,58): error CS0246: 型または名前空間の名前 'ChatMessage' が見つかりませんでした (using ディレクティブまたはアセンブリ参照が指定されていることを確認してください) [C:\workspace\workspace-win\DesktopAiMascot\DesktopAiMascot.csproj]
C:\workspace\workspace-win\DesktopAiMascot\aiservice\ChatHistoryManager.cs(87,29): error CS0246: 型または名前空間の名前 'ChatMessage' が見つかりませんでした (using ディレクティブまたはアセンブリ参照が指定されていることを確認してください) [C:\workspace\workspace-win\DesktopAiMascot\DesktopAiMascot.csproj]
C:\workspace\workspace-win\DesktopAiMascot\aiservice\ChatHistoryManager.cs(12,38): error CS0246: 型または名前空間の名前 'ChatMessage' が見つかりませんでした (using ディレクティブまたはアセンブリ参照が指定されていることを確認してください) [C:\workspace\workspace-win\DesktopAiMascot\DesktopAiMascot.csproj]
C:\workspace\workspace-win\DesktopAiMascot\aiservice\ChatHistoryManager.cs(17,20): error CS0246: 型または名前空間の名前 'ChatMessage' が見つかりませんでした (using ディレクティブまたはアセンブリ参照が指定されていることを確認してください) [C:\workspace\workspace-win\DesktopAiMascot\DesktopAiMascot.csproj]
C:\workspace\workspace-win\DesktopAiMascot\aiservice\ChatHistoryManager.cs(18,41): error CS0246: 型または名前空間の名前 'ChatMessage' が見つかりませんでした (using ディレクティブまたはアセンブリ参照が指定されていることを確認してください) [C:\workspace\workspace-win\DesktopAiMascot\DesktopAiMascot.csproj]
C:\workspace\workspace-win\DesktopAiMascot\aiservice\ChatHistoryManager.cs(24,34): error CS0246: 型または名前空間の名前 'ChatMessage' が見つかりませんでした (using ディレクティブまたはアセンブリ参照が指定されていることを確認してください) [C:\workspace\workspace-win\DesktopAiMascot\DesktopAiMascot.csproj]
C:\workspace\workspace-win\DesktopAiMascot\aiservice\ChatHistoryManager.cs(25,56): error CS0246: 型または名前空間の名前 'ChatMessage' が見つかりませんでした (using ディレクティブまたはアセンブリ参照が指定されていることを確認してください) [C:\workspace\workspace-win\DesktopAiMascot\DesktopAiMascot.csproj]
C:\workspace\workspace-win\DesktopAiMascot\mascots\MascotAnimationManager.cs(16,17): error CS0246: 型または名前空間の名前 'DispatcherTimer' が見つかりませんでした (using ディレクティブまたはアセンブリ参照が指定されていることを確認してください) [C:\workspace\workspace-win\DesktopAiMascot\DesktopAiMascot.csproj]
C:\workspace\workspace-win\DesktopAiMascot\mascots\MascotImageItem.cs(27,31): error CS0234: 型または名前空間の名前 'Media' が名前空間 'System.Windows' に存在しません (アセンブリ参照があることを確認してください) [C:\workspace\workspace-win\DesktopAiMascot\DesktopAiMascot.csproj]
C:\workspace\workspace-win\DesktopAiMascot\mascots\MascotImageItem.cs(20,32): error CS0234: 型または名前空間の名前 'Media' が名前空間 'System.Windows' に存在しません (アセンブリ参照があることを確認してください) [C:\workspace\workspace-win\DesktopAiMascot\DesktopAiMascot.csproj]
C:\workspace\workspace-win\DesktopAiMascot\utils\ImageLoadHelper.cs(31,23): error CS0246: 型または名前空間の名前 'BitmapSource' が見つかりませんでした (using ディレクティブまたはアセンブリ参照が指定されていることを確認してください) [C:\workspace\workspace-win\DesktopAiMascot\DesktopAiMascot.csproj]
C:\workspace\workspace-win\DesktopAiMascot\utils\ImageLoadHelper.cs(65,23): error CS0246: 型または名前空間の名前 'BitmapSource' が見つかりませんでした (using ディレクティブまたはアセンブリ参照が指定されていることを確認してください) [C:\workspace\workspace-win\DesktopAiMascot\DesktopAiMascot.csproj]
C:\workspace\workspace-win\DesktopAiMascot\utils\ImageLoadHelper.cs(80,24): error CS0246: 型または名前空間の名前 'BitmapSource' が見つかりませんでした (using ディレクティブまたはアセンブリ参照が指定されていることを確認してください) [C:\workspace\workspace-win\DesktopAiMascot\DesktopAiMascot.csproj]
C:\workspace\workspace-win\DesktopAiMascot\utils\ImageLoadHelper.cs(146,24): error CS0246: 型または名前空間の名前 'BitmapSource' が見つかりませんでした (using ディレクティブまたはアセンブリ参照が指定されていることを確認してください) [C:\workspace\workspace-win\DesktopAiMascot\DesktopAiMascot.csproj]
C:\workspace\workspace-win\DesktopAiMascot\utils\ImageLoadHelper.cs(360,23): error CS0246: 型または名前空間の名前 'BitmapSource' が見つかりませんでした (using ディレクティブまたはアセンブリ参照が指定されていることを確認してください) [C:\workspace\workspace-win\DesktopAiMascot\DesktopAiMascot.csproj]
    75 個の警告
    24 エラー

経過時間 00:00:03.37
